python : Traceback (most recent call last):
Au caractère Ligne:1 : 38
+ ... \natha\Documents\CS GO"; python test_profile_pictures.py 2>&1 | Tee-O ...
+                              ~~~~~~~~~~~~~~~~~~~~~~~~~~~~~~~~~~~~
    + CategoryInfo          : NotSpecified: (Traceback (most recent call last)::String) [], RemoteException
    + FullyQualifiedErrorId : NativeCommandError
 
  File "C:\Users\natha\Documents\CS GO\test_profile_pictures.py", line 129, in <module>
    success = test_profile_picture_lifecycle()
  File "C:\Users\natha\Documents\CS GO\test_profile_pictures.py", line 29, in test_profile_picture_lifecycle
    print(f"\U0001f9ea Testing profile picture lifecycle at {API_URL}")
    ~~~~~^^^^^^^^^^^^^^^^^^^^^^^^^^^^^^^^^^^^^^^^^^^^^^^^^^^^^^
  File "C:\Python314\Lib\encodings\cp1252.py", line 19, in encode
    return codecs.charmap_encode(input,self.errors,encoding_table)[0]
           ~~~~~~~~~~~~~~~~~~~~~^^^^^^^^^^^^^^^^^^^^^^^^^^^^^^^^^^
UnicodeEncodeError: 'charmap' codec can't encode character '\U0001f9ea' in position 0: character maps to 
<undefined>

During handling of the above exception, another exception occurred:

Traceback (most recent call last):
  File "C:\Users\natha\Documents\CS GO\test_profile_pictures.py", line 132, in <module>
    print(f"\n\u274c Test error: {e}")
    ~~~~~^^^^^^^^^^^^^^^^^^^^^^^^^
  File "C:\Python314\Lib\encodings\cp1252.py", line 19, in encode
    return codecs.charmap_encode(input,self.errors,encoding_table)[0]
           ~~~~~~~~~~~~~~~~~~~~~^^^^^^^^^^^^^^^^^^^^^^^^^^^^^^^^^^
UnicodeEncodeError: 'charmap' codec can't encode character '\u274c' in position 2: character maps to 
<undefined>
